Microchip MPLAB XC8 Compiler V2.32

Linker command line:

-W-3 --edf=C:\Program Files\Microchip\xc8\v2.32\pic\dat\en_msgs.txt -cn \
  -h+dist/default/production\SEIC_prj_v2_backup.X.production.sym \
  --cmf=dist/default/production\SEIC_prj_v2_backup.X.production.cmf -z \
  -Q18F26K40 -oC:\Users\Mateo\AppData\Local\Temp\xcAs630.4 \
  --defsym=__MPLAB_BUILD=1 \
  -Mdist/default/production/SEIC_prj_v2_backup.X.production.map -E1 \
  -ver=XC8 Compiler --acfsm=1493 -ASTACK=08C0h-0E87h -pstack=STACK \
  -ACODE=00h-0FFFFh -ACONST=00h-0FFFFh -ASMALLCONST=0F00h-0FFFhx241 \
  -AMEDIUMCONST=0F00h-0FFFFh -ACOMRAM=01h-05Fh -AABS1=00h-0E87h \
  -ABIGRAM=01h-0E87h -ARAM=060h-0FFh,0100h-01FFhx13,0E00h-0E87h \
  -ABANK0=060h-0FFh -ABANK1=0100h-01FFh -ABANK2=0200h-02FFh \
  -ABANK3=0300h-03FFh -ABANK4=0400h-04FFh -ABANK5=0500h-05FFh \
  -ABANK6=0600h-06FFh -ABANK7=0700h-07FFh -ABANK8=0800h-08FFh \
  -ABANK9=0900h-09FFh -ABANK10=0A00h-0AFFh -ABANK11=0B00h-0BFFh \
  -ABANK12=0C00h-0CFFh -ABANK13=0D00h-0DFFh -ABANK14=0E00h-0E87h \
  -ASFR=0E8Dh-0EFFh,0F00h-0F5Fh,0F60h-0FFFh -ACONFIG=0300000h-030000Bh \
  -AIDLOC=0200000h-020000Fh -AEEDATA=0310000h-03103FFh -peeprom_data=EEDATA \
  -preset_vec=00h,intcode=08h,intcodelo,powerup,init -pramtop=0F00h \
  -psmallconst=SMALLCONST -pmediumconst=MEDIUMCONST -pconst=CONST \
  -AFARRAM=00h-00h \
  -prdata=COMRAM,nvrram=COMRAM,nvbit=COMRAM,rbss=COMRAM,rbit=COMRAM \
  -pfarbss=FARRAM,fardata=FARRAM,nvFARRAM=FARRAM \
  -pintsave_regs=BIGRAM,bigbss=BIGRAM,bigdata=BIGRAM -pbss=RAM \
  -pidata=CODE,irdata=CODE,ibigdata=CODE,ifardata=CODE -prparam=COMRAM \
  C:\Users\Mateo\AppData\Local\Temp\xcAs630.o \
  dist/default/production\SEIC_prj_v2_backup.X.production.o \
  build/default/production/powerup.o 

Object code version is 3.11

Machine type is 18F26K40



                Name                               Link     Load   Length Selector   Space Scale
C:\Users\Mateo\AppData\Local\Temp\xcAs630.o
                idloc                            200000   200000       10        0       5
                config                           300000   300000        C        0       4
                init                                 7C       7C        4        4       0
                reset_vec                             0        0        4        0       0
dist/default/production\SEIC_prj_v2_backup.X.production.o
                intcode                               8        8       6E        4       0
                idloc                            200000   200000       10        0       5
                config                           300000   300000        C        0       4
                temp                                 5B       5B        1        1       1
                mediumconst                        FADA     FADA      526     7D6D       0
                text290                            D6B4     D6B4       1A        4       0
                text289                            DA54     DA54        2     6D26       0
                text288                            D0F6     D0F6       32        4       0
                text287                            D75E     D75E       18        4       0
                text286                            DA52     DA52        2     6D26       0
                text285                            D0C4     D0C4       32        4       0
                text284                            D746     D746       18        4       0
                text283                            DA50     DA50        2     6D26       0
                text282                            D092     D092       32        4       0
                text281                            D72E     D72E       18        4       0
                text280                            DA4E     DA4E        2     6D26       0
                text279                            D060     D060       32        4       0
                text278                            C6C2     C6C2       52        4       0
                text277                            D716     D716       18        4       0
                text276                            DA4C     DA4C        2     6D26       0
                text275                            D1B6     D1B6       2E        4       0
                text274                            D356     D356       28        4       0
                text273                            D7CE     D7CE       16        4       0
                text271                            CFC4     CFC4       36        4       0
                text270                            4B28     4B28      2A8        4       0
                text269                            B4F2     B4F2       90        4       0
                text268                            633A     633A      21E        4       0
                text267                            DA2E     DA2E        6     6CFC       0
                text266                            CADC     CADC       44        4       0
                text265                            3080     3080      41E        4       0
                text264                            D67E     D67E       1C        4       0
                text263                            D514     D514       22        4       0
                text262                            D69A     D69A       1A        4       0
                text261                            C008     C008       6A        4       0
                text260                            9B2E     9B2E       F8        4       0
                text259                            D32E     D32E       28        4       0
                text258                            D188     D188       2E        4       0
                text257                            C0DA     C0DA       66        4       0
                text256                            BF9E     BF9E       6A        4       0
                text255                            CF56     CF56       38        4       0
                text254                            C670     C670       52        4       0
                text253                            582A     582A      250        4       0
                text252                            C804     C804       50        4       0
                text251                            7632     7632      1A8        4       0
                text250                            D43C     D43C       26        4       0
                text249                            D8FE     D8FE        C        4       0
                text248                            B582     B582       86        4       0
                text247                            BF32     BF32       6C        4       0
                text246                            C31E     C31E       5C        4       0
                text245                            CC62     CC62       3E        4       0
                text244                            D576     D576       20        4       0
                text243                            CF8E     CF8E       36        4       0
                text242                            D5F0     D5F0       1E        4       0
                text241                            D6FE     D6FE       18        4       0
                text240                            D9A0     D9A0        A        4       0
                text239                            AF5C     AF5C       AE        4       0
                text238                            9D1C     9D1C       F2        4       0
                text237                            6D6A     6D6A      1F8        4       0
                text236                            D886     D886       10        4       0
                text235                            D416     D416       26        4       0
                text234                            611A     611A      220        4       0
                text233                            5310     5310      28E        4       0
                text232                            C7B4     C7B4       50        4       0
                text231                            4868     4868      2C0        4       0
                text230                            4DD0     4DD0      2A6        4       0
                text229                            C1A4     C1A4       62        4       0
                text228                            ABC0     ABC0       C2        4       0
                text227                            D5D2     D5D2       1E        4       0
                text226                            B68C     B68C       84        4       0
                text225                            D5B4     D5B4       1E        4       0
                text224                            D596     D596       1E        4       0
                text223                            6F62     6F62      1C2        4       0
                text222                            B292     B292       9A        4       0
                text221                            A0DE     A0DE       F0        4       0
                text220                            DA28     DA28        6     6CFC       0
                text219                            D556     D556       20        4       0
                text218                            D9E2     D9E2        8        4       0
                text217                            C61E     C61E       52        4       0
                text216                            7E1E     7E1E      186        4       0
                text215                            D996     D996        A        4       0
                text214                            CA0E     CA0E       46        4       0
                text213                            D264     D264       2A        4       0
                text212                            D1E4     D1E4       2C        4       0
                text211                            D3F0     D3F0       26        4       0
                text210                            B896     B896       82        4       0
                text209                            5A7A     5A7A      242        4       0
                text208                            B814     B814       82        4       0
                text207                            D9DA     D9DA        8        4       0
                text206                            5076     5076      29A        4       0
                text205                            92DC     92DC      114        4       0
                text204                            9720     9720      108        4       0
                text203                            BA18     BA18       7E        4       0
                text202                            1EBE     1EBE      74E        4       0
                text201                            C47E     C47E       56        4       0
                text200                            B45C     B45C       96        4       0
                text199                            D7B8     D7B8       16        4       0
                text198                            8D26     8D26      136        4       0
                text197                            C2C2     C2C2       5C        4       0
                text196                            BE58     BE58       6E        4       0
                text195                            8118     8118      174        4       0
                text194                            D23A     D23A       2A        4       0
                text193                            D876     D876       10        4       0
                text192                            7FA4     7FA4      174        4       0
                text191                            9828     9828      106        4       0
                text190                            9FEE     9FEE       F0        4       0
                text189                            83F2     83F2      166        4       0
                text188                            7124     7124      1B6        4       0
                text187                            B0B0     B0B0       A4        4       0
                text186                            CF1E     CF1E       38        4       0
                text185                            9610     9610      110        4       0
                text184                            BDE4     BDE4       74        4       0
                text183                            D4CE     D4CE       24        4       0
                text182                            D210     D210       2A        4       0
                text181                            D02E     D02E       32        4       0
                text180                            D306     D306       28        4       0
                text179                            349E     349E      3F0        4       0
                text178                            A488     A488       E0        4       0
                text177                            896A     896A      14E        4       0
                text176                            696A     696A      202        4       0
                text175                            C428     C428       56        4       0
                text174                            B3C4     B3C4       98        4       0
                text173                            B32C     B32C       98        4       0
                text172                            8E5C     8E5C      134        4       0
                text171                            B792     B792       82        4       0
                text170                            A2B8     A2B8       EA        4       0
                text169                            BEC6     BEC6       6C        4       0
                text168                            D7A2     D7A2       16        4       0
                text167                            CEE6     CEE6       38        4       0
                text166                            388E     388E      376        4       0
                text165                            D9D2     D9D2        8        4       0
                text164                            3C04     3C04      372        4       0
                text163                            7C96     7C96      188        4       0
                text162                            8558     8558      164        4       0
                text161                            CBE4     CBE4       40        4       0
                text160                            A8AA     A8AA       CA        4       0
                text159                            CA98     CA98       44        4       0
                text158                            A974     A974       C6        4       0
                text157                            42AA     42AA      2E4        4       0
                text156                            77DA     77DA      19E        4       0
                text155                            9EFE     9EFE       F0        4       0
                text154                            A640     A640       D0        4       0
                text153                            6766     6766      204        4       0
                text152                            CD54     CD54       3C        4       0
                text151                            CEAE     CEAE       38        4       0
                text150                            CE76     CE76       38        4       0
                text149                            C264     C264       5E        4       0
                text148                            458E     458E      2DA        4       0
                text147                              80       80      C9C        4       0
                text146                            BCF8     BCF8       78        4       0
                text145                            C5CC     C5CC       52        4       0
                text144                            C854     C854       4E        4       0
                text143                            9E0E     9E0E       F0        4       0
                text142                            CC24     CC24       3E        4       0
                text141                            C3D2     C3D2       56        4       0
                text140                            CE04     CE04       3A        4       0
                text139                            DA44     DA44        4     6CFC       0
                text138                            C4D4     C4D4       54        4       0
                text137                            B00A     B00A       A6        4       0
                text136                            992E     992E      104        4       0
                text135                            C980     C980       48        4       0
                text134                            D9CA     D9CA        8        4       0
                text133                            D8C0     D8C0        E        4       0
                text132                            D78C     D78C       16        4       0
                text131                            D9C2     D9C2        8        4       0
                text130                            D8B2     D8B2        E        4       0
                text129                            D776     D776       16        4       0
                text128                            8F90     8F90      122        4       0
                text127                            91C8     91C8      114        4       0
                text126                            B608     B608       84        4       0
                text125                            8AB8     8AB8      138        4       0
                text124                            A568     A568       D8        4       0
                text123                            CA54     CA54       44        4       0
                text122                            D2DE     D2DE       28        4       0
                text121                            5EFA     5EFA      220        4       0
                text120                            DA40     DA40        4     6CFC       0
                text119                            DA3C     DA3C        4     6CFC       0
                text118                            AEA8     AEA8       B4        4       0
                text117                            C072     C072       68        4       0
                text116                            C57A     C57A       52        4       0
                text115                            D820     D820       14        4       0
                text114                            7486     7486      1AC        4       0
                text113                            CD18     CD18       3C        4       0
                text112                            559E     559E      28C        4       0
                text111                            9500     9500      110        4       0
                text110                            CB62     CB62       42        4       0
                text109                            9A32     9A32       FC        4       0
                text108                            DA22     DA22        6     6CFC       0
                text107                            9C26     9C26       F6        4       0
                text106                            B710     B710       82        4       0
                text105                            BD70     BD70       74        4       0
                text104                            5CBC     5CBC      23E        4       0
                text103                            C140     C140       64        4       0
                text102                            C206     C206       5E        4       0
                text101                            C8EE     C8EE       4A        4       0
                text100                            D80C     D80C       14        4       0
                text99                             DA1C     DA1C        6     6CFC       0
                text98                             DA16     DA16        6     6CFC       0
                text97                             DA10     DA10        6     6CFC       0
                text96                             D662     D662       1C        4       0
                text95                             C528     C528       52        4       0
                text94                             DA0A     DA0A        6     6CFC       0
                text93                             DA04     DA04        6     6CFC       0
                text92                             C764     C764       50        4       0
                text91                             2C24     2C24      45C        4       0
                text90                             D7F8     D7F8       14        4       0
                text89                             7B0A     7B0A      18C        4       0
                text88                             C714     C714       50        4       0
                text87                             D9FE     D9FE        6     6CFC       0
                text86                             C938     C938       48        4       0
                text85                             AD3A     AD3A       B8        4       0
                text84                             D646     D646       1C        4       0
                text83                             DA38     DA38        4     6CFC       0
                text82                             93F0     93F0      110        4       0
                text81                             C37A     C37A       58        4       0
                text80                             D8F2     D8F2        C        4       0
                text79                             D2B6     D2B6       28        4       0
                text78                             B998     B998       80        4       0
                text77                             3F76     3F76      334        4       0
                text76                              D1C      D1C      A36        4       0
                text75                             D3CA     D3CA       26        4       0
                text74                             A7DE     A7DE       CC        4       0
                text73                             D4F2     D4F2       22        4       0
                text72                             D834     D834       12        4       0
                text71                             D28E     D28E       28        4       0
                text70                             828C     828C      166        4       0
                text69                             D9BA     D9BA        8        4       0
                text68                             8BF0     8BF0      136        4       0
                text67                             B918     B918       80        4       0
                text66                             BB12     BB12       7C        4       0
                text65                             BC80     BC80       78        4       0
                text64                             BC08     BC08       78        4       0
                text63                             BA96     BA96       7C        4       0
                text62                             A710     A710       CE        4       0
                text61                             D9B2     D9B2        8        4       0
                text60                             1752     1752      76C        4       0
                text59                             7978     7978      192        4       0
                text58                             D866     D866       10        4       0
                text57                             D98C     D98C        A        4       0
                text56                             90B2     90B2      116        4       0
                text55                             D856     D856       10        4       0
                text54                             D982     D982        A        4       0
                text53                             CCDC     CCDC       3C        4       0
                text52                             6B6C     6B6C      1FE        4       0
                text51                             D846     D846       10        4       0
                text50                             D978     D978        A        4       0
                text49                             D8E6     D8E6        C        4       0
                text48                             CCA0     CCA0       3C        4       0
                text47                             260C     260C      618        4       0
                text46                             D8A4     D8A4        E        4       0
                text45                             86BC     86BC      15E        4       0
                text44                             A1CE     A1CE       EA        4       0
                text43                             D96E     D96E        A        4       0
                text42                             D964     D964        A        4       0
                text41                             D95A     D95A        A        4       0
                text40                             CBA4     CBA4       40        4       0
                text39                             DA34     DA34        4     6CFC       0
                text38                             BB8E     BB8E       7A        4       0
                text37                             CFFA     CFFA       34        4       0
                text36                             A3A2     A3A2       E6        4       0
                text35                             AA3A     AA3A       C4        4       0
                text34                             D4AA     D4AA       24        4       0
                text33                             B1F6     B1F6       9C        4       0
                text32                             D950     D950        A        4       0
                text31                             D896     D896        E        4       0
                text30                             CDCA     CDCA       3A        4       0
                text29                             AC82     AC82       B8        4       0
                text28                             D9AA     D9AA        8        4       0
                text27                             CE3E     CE3E       38        4       0
                text26                             D6E6     D6E6       18        4       0
                text25                             D8DA     D8DA        C        4       0
                text24                             D946     D946        A        4       0
                text23                             6558     6558      20E        4       0
                text22                             B154     B154       A2        4       0
                text21                             D9F8     D9F8        6     6CFC       0
                text20                             AAFE     AAFE       C2        4       0
                text19                             D62A     D62A       1C        4       0
                text18                             D93C     D93C        A        4       0
                text17                             D158     D158       30        4       0
                text16                             D486     D486       24        4       0
                text15                             D3A4     D3A4       26        4       0
                text14                             D6CE     D6CE       18        4       0
                text13                             D932     D932        A        4       0
                text12                             D928     D928        A        4       0
                text11                             D91E     D91E        A        4       0
                text10                             D914     D914        A        4       0
                text9                              ADF2     ADF2       B6        4       0
                text8                              D60E     D60E       1C        4       0
                text7                              D7E4     D7E4       14        4       0
                text6                              CB20     CB20       42        4       0
                text5                              D462     D462       24        4       0
                text4                              C9C8     C9C8       46        4       0
                text3                              D37E     D37E       26        4       0
                text2                              D90A     D90A        A        4       0
                text1                              CD90     CD90       3A        4       0
                text0                              72DA     72DA      1AC        4       0
                cstackCOMRAM                          1        1       56        1       1
                cstackBANK0                          60       60       9F       60       1
                cstackBANK1                         100      100       BF      100       1
                cstackBANK2                         298      298       62      200       1
                bssBANK8                            800      800       C0      800       1
                dataBANK7                           7C8      7C8       20      700       1
                bssBANK7                            700      700       C8      700       1
                dataBANK6                           6B7      6B7       30      600       1
                bssBANK6                            600      600       B7      600       1
                dataBANK5                           5E2      5E2        C      500       1
                bssBANK5                            500      500       E2      500       1
                dataBANK4                           4FA      4FA        6      400       1
                bssBANK4                            400      400       F4      400       1
                dataBANK3                           3A9      3A9       4C      300       1
                bssBANK3                            300      300       A9      300       1
                dataBANK2                           2FA      2FA        3      200       1
                bssBANK2                            200      200       98      200       1
                dataBANK1                           1F8      1F8        7      100       1
                bssBANK1                            1BF      1BF       39      100       1
                bssCOMRAM                            57       57        4        1       1
                cinit                              881A     881A      150        4       0
                nvBANK4                             4F4      4F4        6      400       1
                nvBANK3                             3F5      3F5        A      300       1
                nvBANK2                             2FD      2FD        2      200       1
                idataBANK7                         D536     D536       20        4       0
                idataBANK6                         D128     D128       30        4       0
                idataBANK5                         D8CE     D8CE        C        4       0
                idataBANK4                         D9F1     D9F1        6        4       0
                idataBANK3                         C8A2     C8A2       4C        4       0
                idataBANK2                         DA48     DA48        3     6CFC       0
                idataBANK1                         D9EA     D9EA        7        4       0
build/default/production/powerup.o
                powerup                              76       76        6        4       0

TOTAL           Name                               Link     Load   Length     Space
        CLASS   STACK          

        CLASS   CODE           
                intcode                               8        8       6E         0
                init                                 7C       7C        4         0
                powerup                              76       76        6         0
                reset_vec                             0        0        4         0
                text290                            D6B4     D6B4       1A         0
                text289                            DA54     DA54        2         0
                text288                            D0F6     D0F6       32         0
                text287                            D75E     D75E       18         0
                text286                            DA52     DA52        2         0
                text285                            D0C4     D0C4       32         0
                text284                            D746     D746       18         0
                text283                            DA50     DA50        2         0
                text282                            D092     D092       32         0
                text281                            D72E     D72E       18         0
                text280                            DA4E     DA4E        2         0
                text279                            D060     D060       32         0
                text278                            C6C2     C6C2       52         0
                text277                            D716     D716       18         0
                text276                            DA4C     DA4C        2         0
                text275                            D1B6     D1B6       2E         0
                text274                            D356     D356       28         0
                text273                            D7CE     D7CE       16         0
                text271                            CFC4     CFC4       36         0
                text270                            4B28     4B28      2A8         0
                text269                            B4F2     B4F2       90         0
                text268                            633A     633A      21E         0
                text267                            DA2E     DA2E        6         0
                text266                            CADC     CADC       44         0
                text265                            3080     3080      41E         0
                text264                            D67E     D67E       1C         0
                text263                            D514     D514       22         0
                text262                            D69A     D69A       1A         0
                text261                            C008     C008       6A         0
                text260                            9B2E     9B2E       F8         0
                text259                            D32E     D32E       28         0
                text258                            D188     D188       2E         0
                text257                            C0DA     C0DA       66         0
                text256                            BF9E     BF9E       6A         0
                text255                            CF56     CF56       38         0
                text254                            C670     C670       52         0
                text253                            582A     582A      250         0
                text252                            C804     C804       50         0
                text251                            7632     7632      1A8         0
                text250                            D43C     D43C       26         0
                text249                            D8FE     D8FE        C         0
                text248                            B582     B582       86         0
                text247                            BF32     BF32       6C         0
                text246                            C31E     C31E       5C         0
                text245                            CC62     CC62       3E         0
                text244                            D576     D576       20         0
                text243                            CF8E     CF8E       36         0
                text242                            D5F0     D5F0       1E         0
                text241                            D6FE     D6FE       18         0
                text240                            D9A0     D9A0        A         0
                text239                            AF5C     AF5C       AE         0
                text238                            9D1C     9D1C       F2         0
                text237                            6D6A     6D6A      1F8         0
                text236                            D886     D886       10         0
                text235                            D416     D416       26         0
                text234                            611A     611A      220         0
                text233                            5310     5310      28E         0
                text232                            C7B4     C7B4       50         0
                text231                            4868     4868      2C0         0
                text230                            4DD0     4DD0      2A6         0
                text229                            C1A4     C1A4       62         0
                text228                            ABC0     ABC0       C2         0
                text227                            D5D2     D5D2       1E         0
                text226                            B68C     B68C       84         0
                text225                            D5B4     D5B4       1E         0
                text224                            D596     D596       1E         0
                text223                            6F62     6F62      1C2         0
                text222                            B292     B292       9A         0
                text221                            A0DE     A0DE       F0         0
                text220                            DA28     DA28        6         0
                text219                            D556     D556       20         0
                text218                            D9E2     D9E2        8         0
                text217                            C61E     C61E       52         0
                text216                            7E1E     7E1E      186         0
                text215                            D996     D996        A         0
                text214                            CA0E     CA0E       46         0
                text213                            D264     D264       2A         0
                text212                            D1E4     D1E4       2C         0
                text211                            D3F0     D3F0       26         0
                text210                            B896     B896       82         0
                text209                            5A7A     5A7A      242         0
                text208                            B814     B814       82         0
                text207                            D9DA     D9DA        8         0
                text206                            5076     5076      29A         0
                text205                            92DC     92DC      114         0
                text204                            9720     9720      108         0
                text203                            BA18     BA18       7E         0
                text202                            1EBE     1EBE      74E         0
                text201                            C47E     C47E       56         0
                text200                            B45C     B45C       96         0
                text199                            D7B8     D7B8       16         0
                text198                            8D26     8D26      136         0
                text197                            C2C2     C2C2       5C         0
                text196                            BE58     BE58       6E         0
                text195                            8118     8118      174         0
                text194                            D23A     D23A       2A         0
                text193                            D876     D876       10         0
                text192                            7FA4     7FA4      174         0
                text191                            9828     9828      106         0
                text190                            9FEE     9FEE       F0         0
                text189                            83F2     83F2      166         0
                text188                            7124     7124      1B6         0
                text187                            B0B0     B0B0       A4         0
                text186                            CF1E     CF1E       38         0
                text185                            9610     9610      110         0
                text184                            BDE4     BDE4       74         0
                text183                            D4CE     D4CE       24         0
                text182                            D210     D210       2A         0
                text181                            D02E     D02E       32         0
                text180                            D306     D306       28         0
                text179                            349E     349E      3F0         0
                text178                            A488     A488       E0         0
                text177                            896A     896A      14E         0
                text176                            696A     696A      202         0
                text175                            C428     C428       56         0
                text174                            B3C4     B3C4       98         0
                text173                            B32C     B32C       98         0
                text172                            8E5C     8E5C      134         0
                text171                            B792     B792       82         0
                text170                            A2B8     A2B8       EA         0
                text169                            BEC6     BEC6       6C         0
                text168                            D7A2     D7A2       16         0
                text167                            CEE6     CEE6       38         0
                text166                            388E     388E      376         0
                text165                            D9D2     D9D2        8         0
                text164                            3C04     3C04      372         0
                text163                            7C96     7C96      188         0
                text162                            8558     8558      164         0
                text161                            CBE4     CBE4       40         0
                text160                            A8AA     A8AA       CA         0
                text159                            CA98     CA98       44         0
                text158                            A974     A974       C6         0
                text157                            42AA     42AA      2E4         0
                text156                            77DA     77DA      19E         0
                text155                            9EFE     9EFE       F0         0
                text154                            A640     A640       D0         0
                text153                            6766     6766      204         0
                text152                            CD54     CD54       3C         0
                text151                            CEAE     CEAE       38         0
                text150                            CE76     CE76       38         0
                text149                            C264     C264       5E         0
                text148                            458E     458E      2DA         0
                text147                              80       80      C9C         0
                text146                            BCF8     BCF8       78         0
                text145                            C5CC     C5CC       52         0
                text144                            C854     C854       4E         0
                text143                            9E0E     9E0E       F0         0
                text142                            CC24     CC24       3E         0
                text141                            C3D2     C3D2       56         0
                text140                            CE04     CE04       3A         0
                text139                            DA44     DA44        4         0
                text138                            C4D4     C4D4       54         0
                text137                            B00A     B00A       A6         0
                text136                            992E     992E      104         0
                text135                            C980     C980       48         0
                text134                            D9CA     D9CA        8         0
                text133                            D8C0     D8C0        E         0
                text132                            D78C     D78C       16         0
                text131                            D9C2     D9C2        8         0
                text130                            D8B2     D8B2        E         0
                text129                            D776     D776       16         0
                text128                            8F90     8F90      122         0
                text127                            91C8     91C8      114         0
                text126                            B608     B608       84         0
                text125                            8AB8     8AB8      138         0
                text124                            A568     A568       D8         0
                text123                            CA54     CA54       44         0
                text122                            D2DE     D2DE       28         0
                text121                            5EFA     5EFA      220         0
                text120                            DA40     DA40        4         0
                text119                            DA3C     DA3C        4         0
                text118                            AEA8     AEA8       B4         0
                text117                            C072     C072       68         0
                text116                            C57A     C57A       52         0
                text115                            D820     D820       14         0
                text114                            7486     7486      1AC         0
                text113                            CD18     CD18       3C         0
                text112                            559E     559E      28C         0
                text111                            9500     9500      110         0
                text110                            CB62     CB62       42         0
                text109                            9A32     9A32       FC         0
                text108                            DA22     DA22        6         0
                text107                            9C26     9C26       F6         0
                text106                            B710     B710       82         0
                text105                            BD70     BD70       74         0
                text104                            5CBC     5CBC      23E         0
                text103                            C140     C140       64         0
                text102                            C206     C206       5E         0
                text101                            C8EE     C8EE       4A         0
                text100                            D80C     D80C       14         0
                text99                             DA1C     DA1C        6         0
                text98                             DA16     DA16        6         0
                text97                             DA10     DA10        6         0
                text96                             D662     D662       1C         0
                text95                             C528     C528       52         0
                text94                             DA0A     DA0A        6         0
                text93                             DA04     DA04        6         0
                text92                             C764     C764       50         0
                text91                             2C24     2C24      45C         0
                text90                             D7F8     D7F8       14         0
                text89                             7B0A     7B0A      18C         0
                text88                             C714     C714       50         0
                text87                             D9FE     D9FE        6         0
                text86                             C938     C938       48         0
                text85                             AD3A     AD3A       B8         0
                text84                             D646     D646       1C         0
                text83                             DA38     DA38        4         0
                text82                             93F0     93F0      110         0
                text81                             C37A     C37A       58         0
                text80                             D8F2     D8F2        C         0
                text79                             D2B6     D2B6       28         0
                text78                             B998     B998       80         0
                text77                             3F76     3F76      334         0
                text76                              D1C      D1C      A36         0
                text75                             D3CA     D3CA       26         0
                text74                             A7DE     A7DE       CC         0
                text73                             D4F2     D4F2       22         0
                text72                             D834     D834       12         0
                text71                             D28E     D28E       28         0
                text70                             828C     828C      166         0
                text69                             D9BA     D9BA        8         0
                text68                             8BF0     8BF0      136         0
                text67                             B918     B918       80         0
                text66                             BB12     BB12       7C         0
                text65                             BC80     BC80       78         0
                text64                             BC08     BC08       78         0
                text63                             BA96     BA96       7C         0
                text62                             A710     A710       CE         0
                text61                             D9B2     D9B2        8         0
                text60                             1752     1752      76C         0
                text59                             7978     7978      192         0
                text58                             D866     D866       10         0
                text57                             D98C     D98C        A         0
                text56                             90B2     90B2      116         0
                text55                             D856     D856       10         0
                text54                             D982     D982        A         0
                text53                             CCDC     CCDC       3C         0
                text52                             6B6C     6B6C      1FE         0
                text51                             D846     D846       10         0
                text50                             D978     D978        A         0
                text49                             D8E6     D8E6        C         0
                text48                             CCA0     CCA0       3C         0
                text47                             260C     260C      618         0
                text46                             D8A4     D8A4        E         0
                text45                             86BC     86BC      15E         0
                text44                             A1CE     A1CE       EA         0
                text43                             D96E     D96E        A         0
                text42                             D964     D964        A         0
                text41                             D95A     D95A        A         0
                text40                             CBA4     CBA4       40         0
                text39                             DA34     DA34        4         0
                text38                             BB8E     BB8E       7A         0
                text37                             CFFA     CFFA       34         0
                text36                             A3A2     A3A2       E6         0
                text35                             AA3A     AA3A       C4         0
                text34                             D4AA     D4AA       24         0
                text33                             B1F6     B1F6       9C         0
                text32                             D950     D950        A         0
                text31                             D896     D896        E         0
                text30                             CDCA     CDCA       3A         0
                text29                             AC82     AC82       B8         0
                text28                             D9AA     D9AA        8         0
                text27                             CE3E     CE3E       38         0
                text26                             D6E6     D6E6       18         0
                text25                             D8DA     D8DA        C         0
                text24                             D946     D946        A         0
                text23                             6558     6558      20E         0
                text22                             B154     B154       A2         0
                text21                             D9F8     D9F8        6         0
                text20                             AAFE     AAFE       C2         0
                text19                             D62A     D62A       1C         0
                text18                             D93C     D93C        A         0
                text17                             D158     D158       30         0
                text16                             D486     D486       24         0
                text15                             D3A4     D3A4       26         0
                text14                             D6CE     D6CE       18         0
                text13                             D932     D932        A         0
                text12                             D928     D928        A         0
                text11                             D91E     D91E        A         0
                text10                             D914     D914        A         0
                text9                              ADF2     ADF2       B6         0
                text8                              D60E     D60E       1C         0
                text7                              D7E4     D7E4       14         0
                text6                              CB20     CB20       42         0
                text5                              D462     D462       24         0
                text4                              C9C8     C9C8       46         0
                text3                              D37E     D37E       26         0
                text2                              D90A     D90A        A         0
                text1                              CD90     CD90       3A         0
                text0                              72DA     72DA      1AC         0
                cinit                              881A     881A      150         0
                idataBANK7                         D536     D536       20         0
                idataBANK6                         D128     D128       30         0
                idataBANK5                         D8CE     D8CE        C         0
                idataBANK4                         D9F1     D9F1        6         0
                idataBANK3                         C8A2     C8A2       4C         0
                idataBANK2                         DA48     DA48        3         0
                idataBANK1                         D9EA     D9EA        7         0

        CLASS   CONST          

        CLASS   SMALLCONST     

        CLASS   MEDIUMCONST    
                mediumconst                        FADA     FADA      526         0

        CLASS   COMRAM         
                temp                                 5B       5B        1         1
                cstackCOMRAM                          1        1       56         1
                bssCOMRAM                            57       57        4         1

        CLASS   ABS1           

        CLASS   BIGRAM         

        CLASS   RAM            

        CLASS   BANK0          
                cstackBANK0                          60       60       9F         1

        CLASS   BANK1          
                cstackBANK1                         100      100       BF         1
                dataBANK1                           1F8      1F8        7         1
                bssBANK1                            1BF      1BF       39         1

        CLASS   BANK2          
                cstackBANK2                         298      298       62         1
                dataBANK2                           2FA      2FA        3         1
                bssBANK2                            200      200       98         1
                nvBANK2                             2FD      2FD        2         1

        CLASS   BANK3          
                dataBANK3                           3A9      3A9       4C         1
                bssBANK3                            300      300       A9         1
                nvBANK3                             3F5      3F5        A         1

        CLASS   BANK4          
                dataBANK4                           4FA      4FA        6         1
                bssBANK4                            400      400       F4         1
                nvBANK4                             4F4      4F4        6         1

        CLASS   BANK5          
                dataBANK5                           5E2      5E2        C         1
                bssBANK5                            500      500       E2         1

        CLASS   BANK6          
                dataBANK6                           6B7      6B7       30         1
                bssBANK6                            600      600       B7         1

        CLASS   BANK7          
                dataBANK7                           7C8      7C8       20         1
                bssBANK7                            700      700       C8         1

        CLASS   BANK8          
                bssBANK8                            800      800       C0         1

        CLASS   BANK9          

        CLASS   BANK10         

        CLASS   BANK11         

        CLASS   BANK12         

        CLASS   BANK13         

        CLASS   BANK14         

        CLASS   SFR            

        CLASS   CONFIG         
                config                           300000   300000        C         4

        CLASS   IDLOC          
                idloc                            200000   200000       10         5

        CLASS   EEDATA         

        CLASS   FARRAM         



SEGMENTS        Name                           Load    Length   Top    Selector   Space  Class

                reset_vec                      000000  000004  000004         0       0  CODE    
                cstackCOMRAM                   000001  00005B  00005C         1       1  COMRAM  
                intcode                        000008  00D9EF  00D9F7         4       0  CODE    
                cstackBANK0                    000060  00009F  0000FF        60       1  BANK0   
                cstackBANK1                    000100  0000FF  0001FF       100       1  BANK1   
                bssBANK2                       000200  0000FF  0002FF       200       1  BANK2   
                bssBANK3                       000300  0000FF  0003FF       300       1  BANK3   
                bssBANK4                       000400  000100  000500       400       1  BANK4   
                bssBANK5                       000500  0000EE  0005EE       500       1  BANK5   
                bssBANK6                       000600  0000E7  0006E7       600       1  BANK6   
                bssBANK7                       000700  0000E8  0007E8       700       1  BANK7   
                bssBANK8                       000800  0000C0  0008C0       800       1  BANK8   
                text21                         00D9F8  000053  00DA4B      6CFC       0  CODE    
                text276                        00DA4C  00000A  00DA56      6D26       0  CODE    
                mediumconst                    00FADA  000526  010000      7D6D       0  MEDIUMCO


UNUSED ADDRESS RANGES

        Name                Unused          Largest block    Delta
        BANK0            0000FF-0000FF                1
        BANK1            0001FF-0001FF                1
        BANK10           000A00-000AFF              100
        BANK11           000B00-000BFF              100
        BANK12           000C00-000CFF              100
        BANK13           000D00-000DFF              100
        BANK14           000E00-000E87               88
        BANK2            0002FF-0002FF                1
        BANK3            0003FF-0003FF                1
        BANK5            0005EE-0005FF               12
        BANK6            0006E7-0006FF               19
        BANK7            0007E8-0007FF               18
        BANK8            0008C0-0008FF               40
        BANK9            000900-0009FF              100
        BIGRAM           00005C-00005F                4
                         0000FF-0000FF                1
                         0001FF-0001FF                1
                         0002FF-0002FF                1
                         0003FF-0003FF                1
                         0005EE-0005FF               12
                         0006E7-0006FF               19
                         0007E8-0007FF               18
                         0008C0-000E87              5C8
        CODE             000004-000007                4
                         00D9F7-00D9F7                1
                         00DA4B-00DA4B                1
                         00DA56-00FAD9             2084
        COMRAM           00005C-00005F                4
        CONST            000004-000007                4
                         00D9F7-00D9F7                1
                         00DA4B-00DA4B                1
                         00DA56-00FAD9             2084
        EEDATA           310000-3103FF              400
        MEDIUMCONST      00D9F7-00D9F7                1
                         00DA4B-00DA4B                1
                         00DA56-00FAD9             2084
        RAM              0000FF-0000FF                1
                         0001FF-0001FF                1
                         0002FF-0002FF                1
                         0003FF-0003FF                1
                         0005EE-0005FF               12
                         0006E7-0006FF               19
                         0007E8-0007FF               18
                         0008C0-000E87              100
        SFR              000E8D-000FFF               73
        SMALLCONST       00D9F7-00D9F7                1
                         00DA4B-00DA4B                1
                         00DA56-00FAD9              100
        STACK            0008C0-000E87              5C8

                                  Symbol Table

?_ARPV4_Lookup                                                 cstackCOMRAM 000005
?_COAP_ConvertBlockOptionToNetworkOrder                        cstackCOMRAM 000005
?_COAP_FindClientIdxOrAddBlockClient                           cstackCOMRAM 000005
?_ENC28_PhyRead                                                cstackCOMRAM 00000D
?_ENC28_Rcr16                                                  cstackCOMRAM 000008
?_ETH_ComputeChecksum                                          cstackCOMRAM 000007
?_ETH_GetByteCount                                             cstackCOMRAM 00000D
?_ETH_GetReadPtr                                               cstackCOMRAM 00000D
?_ETH_GetRxByteCount                                           cstackCOMRAM 000005
?_ETH_NewPacket                                                cstackCOMRAM 000005
?_ETH_Read16                                                   cstackCOMRAM 000006
?_ETH_Read32                                                   cstackCOMRAM 000006
?_ETH_ReadBlock                                                cstackCOMRAM 000006
?_ETH_RxComputeChecksum                                        cstackCOMRAM 000019
?_ETH_TxComputeChecksum                                        cstackCOMRAM 00000D
?_IPV4_GetDatagramLength                                       cstackCOMRAM 000005
?_IPV4_PseudoHeaderChecksum                                    cstackCOMRAM 000005
?_MAC_getAddress                                               cstackCOMRAM 000005
?_Network_GetStartPosition                                     cstackCOMRAM 000005
?___aodiv                                                      cstackCOMRAM 000005
?___aomod                                                      cstackCOMRAM 000005
?___lmul                                                       cstackCOMRAM 000005
?___lodiv                                                      cstackCOMRAM 000005
?___lomod                                                      cstackCOMRAM 000005
?___lwdiv                                                      cstackCOMRAM 000005
?___wmul                                                       cstackCOMRAM 000005
?_abs                                                          cstackCOMRAM 000017
?_atoi                                                         cstackCOMRAM 00000C
?_atol                                                         cstackCOMRAM 000011
?_dtoa                                                         cstackCOMRAM 000022
?_getCoAPBlockOptionValue                                      cstackCOMRAM 00000B
?_getDiscoveryLength                                           cstackCOMRAM 000005
?_getDiscoveryPath                                             cstackCOMRAM 00001D
?_getIdxFromString                                             cstackCOMRAM 00000B
?_getStingFromIdx                                              cstackCOMRAM 000005
?_isalpha                                                      cstackCOMRAM 000005
?_isdigit                                                      cstackCOMRAM 000005
?_islower                                                      cstackCOMRAM 000005
?_isspace                                                      cstackCOMRAM 000005
?_isupper                                                      cstackCOMRAM 000005
?_makeIpv4AddresstoStr                                         cstackBANK0  0000A3
?_makeStrToIpv4Address                                         cstackCOMRAM 00001B
?_memcmp                                                       cstackCOMRAM 000005
?_pad                                                          cstackCOMRAM 000017
?_printf                                                       cstackBANK0  00008F
?_processPayloadOverHead                                       cstackCOMRAM 000006
?_setURIPath                                                   cstackCOMRAM 000010
?_sprintf                                                      cstackBANK0  00008F
?_stoa                                                         cstackCOMRAM 000010
?_strchr                                                       cstackCOMRAM 000005
?_strcmp                                                       cstackCOMRAM 000005
?_strcspn                                                      cstackCOMRAM 000009
?_strlen                                                       cstackCOMRAM 00000B
?_strncmp                                                      cstackCOMRAM 00000F
?_strspn                                                       cstackCOMRAM 000009
?_strtok                                                       cstackCOMRAM 000010
?_time                                                         cstackCOMRAM 000005
?_toupper                                                      cstackCOMRAM 00000B
?_udp_table_getIterator                                        cstackCOMRAM 000005
?_udp_table_nextEntry                                          cstackCOMRAM 000005
?_utoa                                                         cstackCOMRAM 000022
?_vfpfcnvrt                                                    cstackCOMRAM 000049
?_vfprintf                                                     cstackBANK0  000089
?_xtoa                                                         cstackCOMRAM 000022
ARPV4_Init@x                                                   cstackCOMRAM 00000C
ARPV4_Lookup@entry_pointer                                     cstackCOMRAM 00000D
ARPV4_Lookup@ip_address                                        cstackCOMRAM 000005
ARPV4_Lookup@x                                                 cstackCOMRAM 00000F
ARPV4_Packet@arpPtr                                            cstackBANK0  000064
ARPV4_Packet@entryPointer                                      cstackBANK0  000068
ARPV4_Packet@header                                            cstackBANK0  00006A
ARPV4_Packet@length                                            cstackBANK0  000060
ARPV4_Packet@mergeFlag                                         cstackBANK0  000062
ARPV4_Packet@ret                                               cstackBANK0  000063
ARPV4_Packet@x                                                 cstackBANK0  000066
ARPV4_Packet@x_3887                                            cstackBANK0  000067
ARPV4_Request@destAddress                                      cstackCOMRAM 000029
ARPV4_Request@header                                           cstackBANK0  000061
ARPV4_Request@ret                                              cstackBANK0  000060
ARPV4_Update@entryPointer                                      cstackCOMRAM 000005
ARPV4_Update@x                                                 cstackCOMRAM 000007
CBORDecoder@data                                               cstackCOMRAM 000025
CBORDecoder@type                                               cstackCOMRAM 000029
CBORDecoder@variable                                           cstackCOMRAM 000027
CBORDecoder@x                                                  cstackCOMRAM 00002C
CBOREncoder@data                                               cstackBANK0  0000A3
CBOREncoder@str_val                                            cstackBANK0  0000A8
CBOREncoder@type                                               cstackBANK0  0000A7
CBORParseData@data                                             cstackCOMRAM 000025
CBORParseData@len                                              cstackCOMRAM 000027
CBORProcessPayloadOverHead@receivedPayloadLength               cstackCOMRAM 000005
CBORWriteData@data                                             cstackCOMRAM 000007
CBORWriteData@items                                            cstackCOMRAM 000009
CBORWriteData@value                                            cstackCOMRAM 00000D
CBORWriteData@x                                                cstackCOMRAM 00000C
CBOR_Decode_Bytes_To_Follow@F11316                             dataBANK3    0003E8
CBOR_Decode_Read_Data@infoByte                                 cstackCOMRAM 000024
CBOR_Decode_Read_Data@len                                      cstackCOMRAM 000023
CBOR_Decode_Read_Data@readPtr                                  cstackCOMRAM 00001F
CBOR_Encode_ArrayDefinite@Array_Type                           bssBANK1     0001EE
CBOR_Encode_Bool@boolvalue                                     cstackCOMRAM 000007
CBOR_Encode_Byte_String@byteString                             cstackCOMRAM 00000F
CBOR_Encode_Byte_String@len                                    cstackCOMRAM 000017
CBOR_Encode_Byte_String@length                                 cstackCOMRAM 000013
CBOR_Encode_Signed_Int@val                                     cstackCOMRAM 00000E
CBOR_Encode_Text_String@len                                    cstackCOMRAM 000017
CBOR_Encode_Text_String@length                                 cstackCOMRAM 000013
CBOR_Encode_Text_String@textString                             cstackCOMRAM 00000F
CBOR_Encode_Unsigned_Int@val                                   cstackCOMRAM 00000E
COAP_AddBlock2Options@str                                      cstackCOMRAM 000033
COAP_AddContentFormatOption@contentFormat                      cstackCOMRAM 000051
COAP_AddOptions@format                                         cstackCOMRAM 00002B
COAP_AddOptions@integerFormatOptionValue                       cstackCOMRAM 00002F
COAP_AddOptions@type                                           cstackCOMRAM 00002E
COAP_AddOptions@value                                          cstackCOMRAM 000029
COAP_ConfigBlockParams@blockNum                                cstackCOMRAM 00000F
COAP_ConfigBlockParams@expectedBlock                           cstackCOMRAM 00001B
COAP_ConfigBlockParams@szx                                     cstackCOMRAM 00001F
COAP_ConfigDefaultBlockParams@i                                cstackCOMRAM 00001E
COAP_ConvertBlockOptionToNetworkOrder@byteLength               cstackCOMRAM 000009
COAP_ConvertBlockOptionToNetworkOrder@val                      cstackCOMRAM 000005
COAP_DecodeOptions@length                                      cstackBANK0  000083
COAP_DecodeOptions@opt_ptr                                     cstackCOMRAM 00003A
COAP_DecodeOptions@ptr                                         cstackCOMRAM 00003C
COAP_DecodeOptions@ret                                         cstackBANK0  000085
COAP_DecodeOptions@type                                        cstackBANK0  000080
COAP_DecodeOptions@val                                         cstackBANK0  000081
COAP_DecodeOptions@value                                       cstackBANK0  000060
COAP_DiscoveryBlockTransmit@block2OptionLength                 cstackBANK0  0000DC
COAP_DiscoveryBlockTransmit@block2OptionValue                  cstackBANK0  0000DE
COAP_DiscoveryBlockTransmit@byteToWrite                        cstackBANK0  0000DB
COAP_DiscoveryBlockTransmit@lenOfStr                           cstackBANK0  0000DA
COAP_DiscoveryBlockTransmit@ptr                                cstackBANK0  0000A3
COAP_DiscoveryBlockTransmit@str                                cstackBANK0  0000B5
COAP_FindClientIdxOrAddBlockClient@destinationAddress          cstackCOMRAM 000005
COAP_FindClientIdxOrAddBlockClient@emptyIdx                    cstackCOMRAM 00000F
COAP_FindClientIdxOrAddBlockClient@i                           cstackCOMRAM 000010
COAP_FindClientIdxOrAddBlockClient@ret                         cstackCOMRAM 00000D
COAP_FreeBlockClient@i                                         cstackCOMRAM 00002D
COAP_FreeClient@ptr                                            cstackCOMRAM 00001D
COAP_FreeEndpointMessageIDTokenPairIfMatched@i                 cstackCOMRAM 00002E
COAP_FreeEndpointMessageIDTokenPairIfMatched@messageID         cstackCOMRAM 000023
COAP_FreeEndpointMessageIDTokenPairIfMatched@receviedIPAddress cstackCOMRAM 00001F
COAP_FreeEndpointMessageIDTokenPairIfMatched@ret               cstackCOMRAM 00002D
COAP_FreeEndpointMessageIDTokenPairIfMatched@token             cstackCOMRAM 000025
COAP_FreeEndpointMessageIDTokenPairIfMatched@tokenLength       cstackCOMRAM 000027
COAP_FreeEndpointMessageIDTokenPairIfMatched@type              cstackCOMRAM 000028
COAP_GetLengthOfIntegerOptionValue@val                         cstackCOMRAM 000005
COAP_InitTimers@now                                            cstackCOMRAM 000021
COAP_InitTimers@ptr                                            cstackCOMRAM 00001F
COAP_InitTimers@ret                                            cstackCOMRAM 000041
COAP_InsertLastOptionValue@optionLength                        cstackCOMRAM 00001D
COAP_InsertLastOptionValue@optionValue                         cstackCOMRAM 00001B
COAP_InsertLastOptionValue@ptr                                 cstackCOMRAM 000019
COAP_MessageResponse@ptr                                       cstackCOMRAM 000053
COAP_MessageResponse@ret                                       cstackCOMRAM 000056
COAP_Options@hptr                                              cstackCOMRAM 000037
COAP_Options@ptr                                               cstackCOMRAM 000033
COAP_ParseOptions@length                                       cstackCOMRAM 000043
COAP_ParseOptions@next_byte                                    cstackCOMRAM 00004C
COAP_ParseOptions@ptr                                          cstackCOMRAM 000041
COAP_ParseOptions@ret                                          cstackCOMRAM 00004B
COAP_ParseOptions@temp_opt_length_ext_16                       cstackCOMRAM 000048
COAP_ParseOptions@temp_opt_length_ext_8                        cstackCOMRAM 00004A
COAP_ProcessBlock2Option@block2Length                          cstackCOMRAM 000026
COAP_ProcessBlock2Option@block2OptionValue                     cstackCOMRAM 000036
COAP_ProcessBlock2Option@blockNum                              cstackCOMRAM 00002C
COAP_ProcessBlock2Option@destinationAddress                    cstackCOMRAM 000020
COAP_ProcessBlock2Option@last4Bits                             cstackCOMRAM 000033
COAP_ProcessBlock2Option@mBit                                  cstackCOMRAM 000034
COAP_ProcessBlock2Option@ret                                   cstackCOMRAM 000032
COAP_ProcessBlock2Option@szx                                   cstackCOMRAM 000035
COAP_ProcessBlock2Option@value                                 cstackCOMRAM 000024
COAP_ReadRecivedHeaderAndToken@ret                             cstackCOMRAM 000021
COAP_Receive@len                                               cstackBANK0  0000F5
COAP_Receive@length                                            cstackBANK0  0000F1
COAP_Receive@ret                                               cstackBANK0  0000F7
[...]
		_ETH_Dump      		CODE           	BE58	0000	110
		_ENC28_Wcr8    		CODE           	D5F0	0000	30
		_ETH_GetByteCount		CODE           	D5D2	0000	30
		_ETH_SendQueued		CODE           	AF5C	0000	174
		_ENC28_Wcr16   		CODE           	CF8E	0000	54
		_ETH_WriteString		CODE           	B896	0000	130
		_ETH_TxComputeChecksum		CODE           	6F62	0000	450
		_ETH_RemovePacket		CODE           	92DC	0000	276
		_ETH_GetReadPtr		CODE           	D846	0000	16
		_ETH_EventHandler		CODE           	9720	0000	264
		_ETH_SetReadPtr		CODE           	D866	0000	16

mcc_generated_files/TCPIPLibrary/ENC28J60.c estimated size: 6432

mcc_generated_files/CoAP/coap_options.c
		_getOptionNibble		CODE           	C008	0000	106
		_COAP_ParseOptions		CODE           	3C04	0000	882
		_COAP_AddBlock2Options		CODE           	D7F8	0000	20
		_COAP_DecodeOptions		CODE           	388E	0000	886
		_COAP_AddWellKnownURIPathOptions		CODE           	D43C	0000	38
		_COAP_AddOptions		CODE           	7632	0000	424
		_COAP_TraverseToResource		CODE           	B918	0000	128
		_COAP_AddContentFormatOption		CODE           	C854	0000	78
		_COAP_DeltaLength		CODE           	9B2E	0000	248
		_COAP_GetLengthOfIntegerOptionValue		CODE           	C714	0000	80
		_COAP_ResetLastOptionNumber		CODE           	D8FE	0000	12
		_COAP_GetNumberOfOptionsAdded		CODE           	D9FE	0000	6

mcc_generated_files/CoAP/coap_options.c estimated size: 2908

C:\Program Files\Microchip\xc8\v2.32\pic\sources\c99\common\lomod.c
		___lomod       		CODE           	A640	0000	208

C:\Program Files\Microchip\xc8\v2.32\pic\sources\c99\common\lomod.c estimated size: 208

mcc_generated_files/pin_manager.c
		_IOCBF3_DefaultInterruptHandler		CODE           	DA52	0000	2
		_PIN_MANAGER_Initialize		CODE           	ADF2	0000	182
		_IOCBF3_ISR    		CODE           	D0C4	0000	50
		_IOCBF5_SetInterruptHandler		CODE           	D914	0000	10
		_IOCAF0_SetInterruptHandler		CODE           	D932	0000	10
		_IOCBF4_DefaultInterruptHandler		CODE           	DA50	0000	2
		_IOCBF4_ISR    		CODE           	D092	0000	50
		_IOCBF3_SetInterruptHandler		CODE           	D928	0000	10
		_PIN_MANAGER_IOC		CODE           	C6C2	0000	82
		_IOCBF5_DefaultInterruptHandler		CODE           	DA4E	0000	2
		_IOCBF5_ISR    		CODE           	D060	0000	50
		_IOCBF4_SetInterruptHandler		CODE           	D91E	0000	10
		_IOCAF0_DefaultInterruptHandler		CODE           	DA54	0000	2
		_IOCAF0_ISR    		CODE           	D0F6	0000	50

mcc_generated_files/pin_manager.c estimated size: 512

mcc_generated_files/TCPIPLibrary/ip_database.c
		_makeStrToIpv4Address		CODE           	B792	0000	130
		_ipdb_init     		CODE           	B154	0000	162
		_makeIpv4AddresstoStr		CODE           	CD90	0000	58

mcc_generated_files/TCPIPLibrary/ip_database.c estimated size: 350

mcc_generated_files/CoAP/coap_transmit.c
		_COAP_TransmitInit		CODE           	B1F6	0000	156
		_COAP_Request  		CODE           	ABC0	0000	194
		_COAP_Init     		CODE           	D950	0000	10
		_COAP_EndofOptions		CODE           	D9E2	0000	8
		_CoAP_Payload  		CODE           	C61E	0000	82
		_CoAP_ObservePayload		CODE           	D556	0000	32
		_COAP_Send     		CODE           	DA28	0000	6
		_COAP_FreeClient		CODE           	CADC	0000	68
		_COAP_FreeEndpointMessageIDTokenPairIfMatched		CODE           	7124	0000	438
		_COAP_TransmitMessageManage		CODE           	7E1E	0000	390
		_COAP_Manage   		CODE           	D996	0000	10
		_COAP_Options  		CODE           	B582	0000	134
		_COAP_InitTimers		CODE           	3080	0000	1054

mcc_generated_files/CoAP/coap_transmit.c estimated size: 2582

mcc_generated_files/TCPIPLibrary/icmp.c
		_ICMP_PortUnreachable		CODE           	90B2	0000	278
		_ICMP_Receive  		CODE           	9828	0000	262
		_ICMP_EchoReply		CODE           	7FA4	0000	372

mcc_generated_files/TCPIPLibrary/icmp.c estimated size: 912

mcc_generated_files/TCPIPLibrary/log.c
		_LOG_Init      		CODE           	AAFE	0000	194

mcc_generated_files/TCPIPLibrary/log.c estimated size: 194

mcc_generated_files/CoAP/coap_blockwise.c
		_COAP_DiscoveryBlockTransmit		CODE           	0D1C	0000	2614
		_setBlockNum   		CODE           	D02E	0000	50
		_setBlockSzx   		CODE           	D306	0000	40
		_COAP_FreeBlockClient		CODE           	633A	0000	542
		_COAP_BlockClientManage		CODE           	DA2E	0000	6
		_getMBit       		CODE           	D4CE	0000	36
		_COAP_ProcessBlock2Option		CODE           	896A	0000	334
		_setMBit       		CODE           	D2B6	0000	40
		_COAP_ConfigBlockParams		CODE           	349E	0000	1008
		_setBlockInBytes		CODE           	D210	0000	42
		_getCoAPBlockOptionValue		CODE           	AD3A	0000	184
		_COAP_ConvertBlockOptionToNetworkOrder		CODE           	7B0A	0000	396
		_COAP_ResetDiscoveryParams		CODE           	AA3A	0000	196
		_COAP_ConfigDefaultBlockParams		CODE           	D4AA	0000	36
		_COAP_FindClientIdxOrAddBlockClient		CODE           	A488	0000	224
		_writeBlockOfBody		CODE           	3F76	0000	820
		_isBlockOptionRequired		CODE           	D28E	0000	40
		_COAP_ResetBlockParams		CODE           	A3A2	0000	230

mcc_generated_files/CoAP/coap_blockwise.c estimated size: 6838

C:\Program Files\Microchip\xc8\v2.32\pic\sources\c99\common\memcmp.c
		_memcmp        		CODE           	A710	0000	206

C:\Program Files\Microchip\xc8\v2.32\pic\sources\c99\common\memcmp.c estimated size: 206

mcc_generated_files/spi1.c
		_SPI1_Open     		CODE           	AC82	0000	184
		_SPI1_Initialize		CODE           	D462	0000	36
		_SPI1_ExchangeByte		CODE           	D67E	0000	28

mcc_generated_files/spi1.c estimated size: 248

C:\Program Files\Microchip\xc8\v2.32\pic\sources\c99\common\memcpy.c
		_memcpy        		CODE           	C7B4	0000	80

C:\Program Files\Microchip\xc8\v2.32\pic\sources\c99\common\memcpy.c estimated size: 80

C:\Program Files\Microchip\xc8\v2.32\pic\sources\c99\common\atoi.c
		_atoi          		CODE           	696A	0000	514

C:\Program Files\Microchip\xc8\v2.32\pic\sources\c99\common\atoi.c estimated size: 514

mcc_generated_files/TCPIPLibrary/network.c
		_Network_GetStartPosition		CODE           	D98C	0000	10
		_Network_SaveStartPosition		CODE           	D8A4	0000	14
		_Network_Read  		CODE           	86BC	0000	350
		_Network_Init  		CODE           	D3A4	0000	38
		_Network_WaitForLink		CODE           	D62A	0000	28
		_timersInit    		CODE           	D486	0000	36
		_Network_Manage		CODE           	A1CE	0000	234

mcc_generated_files/TCPIPLibrary/network.c estimated size: 710

C:\Program Files\Microchip\xc8\v2.32\pic\sources\c99\common\nf_fputs.c
		_fputs         		CODE           	CA98	0000	68

C:\Program Files\Microchip\xc8\v2.32\pic\sources\c99\common\nf_fputs.c estimated size: 68

C:\Program Files\Microchip\xc8\v2.32\pic\sources\c99\common\strncat.c
		_strncat       		CODE           	B998	0000	128

C:\Program Files\Microchip\xc8\v2.32\pic\sources\c99\common\strncat.c estimated size: 128

mcc_generated_files/datamodel/Led.c
		_LedPutter     		CODE           	5CBC	0000	574
		_LedDeleter    		CODE           	DA44	0000	4
		_LedInit       		CODE           	D7E4	0000	20
		_LedGetter     		CODE           	5EFA	0000	544
		_LedPoster     		CODE           	DA3C	0000	4
		_LedPatcher    		CODE           	DA40	0000	4

mcc_generated_files/datamodel/Led.c estimated size: 1150

C:\Program Files\Microchip\xc8\v2.32\pic\sources\c99\common\isupper.c
		_isupper       		CODE           	CEAE	0000	56

C:\Program Files\Microchip\xc8\v2.32\pic\sources\c99\common\isupper.c estimated size: 56

C:\Program Files\Microchip\xc8\v2.32\pic\sources\c99\common\Umul16.c
		___wmul        		CODE           	D416	0000	38

C:\Program Files\Microchip\xc8\v2.32\pic\sources\c99\common\Umul16.c estimated size: 38

C:\Program Files\Microchip\xc8\v2.32\pic\sources\c99\common\abs.c
		_abs           		CODE           	CBE4	0000	64

C:\Program Files\Microchip\xc8\v2.32\pic\sources\c99\common\abs.c estimated size: 64

mcc_generated_files/TCPIPLibrary/arpv4.c
		_ARPV4_Packet  		CODE           	1EBE	0000	1870
		_ARPV4_Init    		CODE           	CFFA	0000	52
		_ARPV4_Lookup  		CODE           	BF32	0000	108
		_ARPV4_Update  		CODE           	CFC4	0000	54
		_ARPV4_Request 		CODE           	4868	0000	704

mcc_generated_files/TCPIPLibrary/arpv4.c estimated size: 2788

C:\Program Files\Microchip\xc8\v2.32\pic\sources\c99\common\aomod.c
		___aomod       		CODE           	8558	0000	356

C:\Program Files\Microchip\xc8\v2.32\pic\sources\c99\common\aomod.c estimated size: 356

mcc_generated_files/TCPIPLibrary/mac_address.c
		_MAC_getAddress		CODE           	D946	0000	10

mcc_generated_files/TCPIPLibrary/mac_address.c estimated size: 10

mcc_generated_files/TCPIPLibrary/ipv4.c
		_IPV4_Send     		CODE           	B292	0000	154
		_getHeaderLen  		CODE           	CCA0	0000	60
		_IPV4_Packet   		CODE           	260C	0000	1560
		_IPV4_GetDatagramLength		CODE           	D856	0000	16
		_IPV4_PseudoHeaderChecksum		CODE           	9FEE	0000	240
		_IPv4_Start    		CODE           	4DD0	0000	678
		_IPV4_Init     		CODE           	D9F8	0000	6

mcc_generated_files/TCPIPLibrary/ipv4.c estimated size: 2714

C:\Program Files\Microchip\xc8\v2.32\pic\sources\c99\common\isspace.c
		_isspace       		CODE           	C670	0000	82

C:\Program Files\Microchip\xc8\v2.32\pic\sources\c99\common\isspace.c estimated size: 82

mcc_generated_files/TCPIPLibrary/rtcc.c
		_rtcc_handler  		CODE           	D716	0000	24
		_rtcc_init     		CODE           	D158	0000	48
		_time          		CODE           	B4F2	0000	144

mcc_generated_files/TCPIPLibrary/rtcc.c estimated size: 216

C:\Program Files\Microchip\xc8\v2.32\pic\sources\c99\common\islower.c
		_islower       		CODE           	CE76	0000	56

C:\Program Files\Microchip\xc8\v2.32\pic\sources\c99\common\islower.c estimated size: 56

C:\Program Files\Microchip\xc8\v2.32\pic\sources\c99\common\strtok.c
		_strtok        		CODE           	8E5C	0000	308

C:\Program Files\Microchip\xc8\v2.32\pic\sources\c99\common\strtok.c estimated size: 308

C:\Program Files\Microchip\xc8\v2.32\pic\sources\c99\common\lodiv.c
		___lodiv       		CODE           	9EFE	0000	240

C:\Program Files\Microchip\xc8\v2.32\pic\sources\c99\common\lodiv.c estimated size: 240

C:\Program Files\Microchip\xc8\v2.32\pic\sources\c99\common\strncmp.c
		_strncmp       		CODE           	83F2	0000	358

C:\Program Files\Microchip\xc8\v2.32\pic\sources\c99\common\strncmp.c estimated size: 358

mcc_generated_files/drivers/spi_master.c
		_spi_master_open		CODE           	CE3E	0000	56
		_MAC_open      		CODE           	D9AA	0000	8

mcc_generated_files/drivers/spi_master.c estimated size: 64

shared
		_dhcpName      		MEDIUMCONST    	FC93	0000	20
		_discoveryPath 		MEDIUMCONST    	FC7A	0000	25
		_CoAPWellKnownOptions		MEDIUMCONST    	FCE0	0000	2
		_COAP_BlockMapSzxToBlockInBytes		MEDIUMCONST    	FB61	0000	14
		_WellKnown     		MEDIUMCONST    	FCB3	0000	12
		_CBORdataHandlers		MEDIUMCONST    	FCBF	0000	8
		_encodefunctptr_uint_t		MEDIUMCONST    	FB8A	0000	6
		_encodefunctptr_int_t		MEDIUMCONST    	FB90	0000	6
		___secs_to_tm@days_in_month		MEDIUMCONST    	FB6F	0000	12
		_TEXT_PLAINdataHandlers		MEDIUMCONST    	FCC7	0000	8
		_UDP_CallBackTable		MEDIUMCONST    	FCA7	0000	12
		__initialization		CODE           	881A	0000	326
		_validPath     		MEDIUMCONST    	FC5C	0000	30
		_StringTable   		MEDIUMCONST    	FB96	0000	198
		_xorSequences  		MEDIUMCONST    	FB4F	0000	18
		_COAP_BlockMapSzxToPowerOf2		MEDIUMCONST    	FB83	0000	7
		___month_to_secs@secs_through_month		MEDIUMCONST    	0000	0000	0
		_broadcastMAC  		MEDIUMCONST    	FCCF	0000	6
		_severityThresholdTable		MEDIUMCONST    	FB0B	0000	48
		_Core          		MEDIUMCONST    	FCD5	0000	5
		___gmt         		MEDIUMCONST    	FCDA	0000	4
		_spiMaster     		MEDIUMCONST    	FB3B	0000	20
		_spi1_configuration		MEDIUMCONST    	FB7B	0000	8
		_supportedCFType		MEDIUMCONST    	FCDE	0000	2

shared estimated size: 797

mcc_generated_files/eusart1.c
		_EUSART1_Initialize		CODE           	CBA4	0000	64
		_putch         		CODE           	D9A0	0000	10
		_EUSART1_SetFramingErrorHandler		CODE           	D964	0000	10
		_EUSART1_SetOverrunErrorHandler		CODE           	D95A	0000	10
		_EUSART1_SetErrorHandler		CODE           	D96E	0000	10
		_EUSART1_Write 		CODE           	D6FE	0000	24

mcc_generated_files/eusart1.c estimated size: 128

C:\Program Files\Microchip\xc8\v2.32\pic\sources\c99\common\strncpy.c
		_strncpy       		CODE           	B0B0	0000	164

C:\Program Files\Microchip\xc8\v2.32\pic\sources\c99\common\strncpy.c estimated size: 164

mcc_generated_files/content_type/contentFormat.c
		_iscfMatched   		CODE           	C528	0000	82
		_Get_ToEthernet		CODE           	CA54	0000	68
		_writeAuxData  		CODE           	C8EE	0000	74
		_parseData     		CODE           	BD70	0000	116
		_setContentFormatDataHandlers		CODE           	D662	0000	28
		_Put_ToResource		CODE           	C57A	0000	82

mcc_generated_files/content_type/contentFormat.c estimated size: 450

mcc_generated_files/mcc.c
		_PMD_Initialize		CODE           	D60E	0000	28
		_OSCILLATOR_Initialize		CODE           	D6CE	0000	24
		_SYSTEM_Initialize		CODE           	D37E	0000	38

mcc_generated_files/mcc.c estimated size: 90

mcc_generated_files/TCPIPLibrary/dhcp_client.c
		_DHCP_Handler  		CODE           	1752	0000	1900
		_sendDHCPDISCOVER		CODE           	B814	0000	130
		_DHCP_init     		CODE           	D896	0000	14
		_DHCP_WriteZeros		CODE           	D3F0	0000	38
		_sendRequest   		CODE           	5A7A	0000	578
		_DHCP_Manage   		CODE           	5076	0000	666
		_sendDHCPDECLINE		CODE           	D9B2	0000	8
		_sendDHCPREQUEST		CODE           	D9DA	0000	8

mcc_generated_files/TCPIPLibrary/dhcp_client.c estimated size: 3342

C:\Program Files\Microchip\xc8\v2.32\pic\sources\c99\common\toupper.c
		_toupper       		CODE           	C264	0000	94

C:\Program Files\Microchip\xc8\v2.32\pic\sources\c99\common\toupper.c estimated size: 94

mcc_generated_files/tmr1.c
		_TMR1_Initialize		CODE           	C9C8	0000	70
		_TMR1_SetInterruptHandler		CODE           	D93C	0000	10
		_TMR1_DefaultInterruptHandler		CODE           	DA4C	0000	2
		_TMR1_CallBack 		CODE           	D1B6	0000	46
		_TMR1_WriteTimer		CODE           	D356	0000	40
		_TMR1_ISR      		CODE           	D7CE	0000	22

mcc_generated_files/tmr1.c estimated size: 190

C:\Program Files\Microchip\xc8\v2.32\pic\sources\c99\common\isalpha.c
		_isalpha       		CODE           	CD54	0000	60

C:\Program Files\Microchip\xc8\v2.32\pic\sources\c99\common\isalpha.c estimated size: 60

C:\Program Files\Microchip\xc8\v2.32\pic\sources\c99\common\lwdiv.c
		___lwdiv       		CODE           	BDE4	0000	116

C:\Program Files\Microchip\xc8\v2.32\pic\sources\c99\common\lwdiv.c estimated size: 116

C:\Program Files\Microchip\xc8\v2.32\pic\sources\c99\common\Umul32.c
		___lmul        		CODE           	BF9E	0000	106

C:\Program Files\Microchip\xc8\v2.32\pic\sources\c99\common\Umul32.c estimated size: 106

C:\Program Files\Microchip\xc8\v2.32\pic\sources\c99\common\strcat.c
		_strcat        		CODE           	D3CA	0000	38

C:\Program Files\Microchip\xc8\v2.32\pic\sources\c99\common\strcat.c estimated size: 38

mcc_generated_files/content_type/cborCF.c
		_CBORWriteData 		CODE           	C140	0000	100
		_CBORDecoder   		CODE           	C072	0000	104
		_CBORParseData 		CODE           	B710	0000	130
		_CBOREncoder   		CODE           	A568	0000	216

mcc_generated_files/content_type/cborCF.c estimated size: 550

C:\Program Files\Microchip\xc8\v2.32\pic\sources\c99\common\atol.c
		_atol          		CODE           	582A	0000	592

C:\Program Files\Microchip\xc8\v2.32\pic\sources\c99\common\atol.c estimated size: 592

mcc_generated_files/TCPIPLibrary/lfsr.c
		_lfsrWithSeed  		CODE           	D1E4	0000	44

mcc_generated_files/TCPIPLibrary/lfsr.c estimated size: 44

C:\Program Files\Microchip\xc8\v2.32\pic\sources\c99\common\printf.c
		_printf        		CODE           	D2DE	0000	40

C:\Program Files\Microchip\xc8\v2.32\pic\sources\c99\common\printf.c estimated size: 40

C:\Program Files\Microchip\xc8\v2.32\pic\sources\c99\common\nf_fputc.c
		_fputc         		CODE           	A8AA	0000	202

C:\Program Files\Microchip\xc8\v2.32\pic\sources\c99\common\nf_fputc.c estimated size: 202

C:\Program Files\Microchip\xc8\v2.32\pic\sources\c99\common\aodiv.c
		___aodiv       		CODE           	7C96	0000	392

C:\Program Files\Microchip\xc8\v2.32\pic\sources\c99\common\aodiv.c estimated size: 392

mcc_generated_files/CoAP/coap_resources.c
		_coapwellknownHandler		CODE           	828C	0000	358
		_COAP_StartGetResponse		CODE           	CC24	0000	62
		_COAP_ResourceHandler		CODE           	2C24	0000	1116

mcc_generated_files/CoAP/coap_resources.c estimated size: 1536

mcc_generated_files/CoAP/coap_receive.c
		_COAP_Receive  		CODE           	7978	0000	402
		_COAP_ReceiveACKMessage		CODE           	BB12	0000	124
		_COAP_InsertLastOptionValue		CODE           	C938	0000	72
		_COAP_ReceiveCONMessage		CODE           	BC80	0000	120
		_COAP_ReceiveNONMessage		CODE           	BC08	0000	120
		_COAP_ReceiveRSTMessage		CODE           	BA96	0000	124
		_COAP_setReceivedClientToken		CODE           	CF1E	0000	56
		_COAP_ReadRecivedHeaderAndToken		CODE           	9610	0000	272
		_COAP_MessageResponse		CODE           	9E0E	0000	240

mcc_generated_files/CoAP/coap_receive.c estimated size: 1530

main.c
		_btnB5Interrupt		CODE           	D72E	0000	24
		_btnA0Interrupt		CODE           	D6B4	0000	26
		_main          		CODE           	72DA	0000	428
		_movInterrupt  		CODE           	D746	0000	24
		_btnB3Interrupt		CODE           	D75E	0000	24
		_alarme        		CODE           	D90A	0000	10

main.c estimated size: 536

C:\Program Files\Microchip\xc8\v2.32\pic\sources\c99\common\strlen.c
		_strlen        		CODE           	C804	0000	80

C:\Program Files\Microchip\xc8\v2.32\pic\sources\c99\common\strlen.c estimated size: 80

mcc_generated_files/content_type/textPlainCF.c
		_TEXT_PLAINParseData		CODE           	9C26	0000	246
		_TEXT_PLAINWriteData		CODE           	C206	0000	94
		_TEXT_PLAINDecoder		CODE           	AEA8	0000	180
		_TEXT_PLAINEncoder		CODE           	8AB8	0000	312

mcc_generated_files/content_type/textPlainCF.c estimated size: 832

mcc_generated_files/cbor/cbor.c
		_int32_encodehandler		CODE           	D78C	0000	22
		_CBOR_Encode_Unsigned_Int		CODE           	B608	0000	132
		_cbor_decode_read_int		CODE           	7486	0000	428
		_cbor_decode_read_string		CODE           	559E	0000	652
		_cbor_decode_bool		CODE           	D820	0000	20
		_cbor_decode_tags		CODE           	9500	0000	272
		_CBOR_Decode_Read_Data		CODE           	9A32	0000	252
		_uint32_encodehandler		CODE           	D776	0000	22
		_uint16_encodehandler		CODE           	D8B2	0000	14
		_cbor_elements 		CODE           	DA22	0000	6
		_uint8_encodehandler		CODE           	D9C2	0000	8
		_CBOR_Encode_Bool		CODE           	C4D4	0000	84
		_int16_encodehandler		CODE           	D8C0	0000	14
		_encode_byte_follows_helper		CODE           	C980	0000	72
		_int8_encodehandler		CODE           	D9CA	0000	8
		_CBOR_Encode_Byte_String		CODE           	992E	0000	260
		_cbor_uint_additional_info		CODE           	B00A	0000	166
		_CBOR_Encode_Signed_Int		CODE           	8F90	0000	290
		_CBOR_Encode_Text_String		CODE           	91C8	0000	276

mcc_generated_files/cbor/cbor.c estimated size: 2998

C:\Program Files\Microchip\xc8\v2.32\pic\sources\c99\common\strcspn.c
		_strcspn       		CODE           	B3C4	0000	152

C:\Program Files\Microchip\xc8\v2.32\pic\sources\c99\common\strcspn.c estimated size: 152

C:\Program Files\Microchip\xc8\v2.32\pic\sources\c99\common\strcmp.c
		_strcmp        		CODE           	A2B8	0000	234

C:\Program Files\Microchip\xc8\v2.32\pic\sources\c99\common\strcmp.c estimated size: 234

C:\Program Files\Microchip\xc8\v2.32\pic\sources\c99\common\strchr.c
		_strchr        		CODE           	C428	0000	86

C:\Program Files\Microchip\xc8\v2.32\pic\sources\c99\common\strchr.c estimated size: 86

C:\Program Files\Microchip\xc8\v2.32\pic\sources\c99\common\strcpy.c
		_strcpy        		CODE           	CB62	0000	66

C:\Program Files\Microchip\xc8\v2.32\pic\sources\c99\common\strcpy.c estimated size: 66

